PS C:\Users\miki_\OneDrive\デスクトップ\勉強用> cd C:\Users\miki_\Desktop\勉強用
PS C:\Users\miki_\Desktop\勉強用> mkdir git_challenge            


    ディレクトリ: C:\Users\miki_\Desktop\勉強用


Mode                 LastWriteTime         Length Name
----                 -------------         ------ ----
d-----        2024/06/25     23:43                git_challenge


PS C:\Users\miki_\Desktop\勉強用> git init                       
Initialized empty Git repository in C:/Users/miki_/Desktop/勉強用/.git/
PS C:\Users\miki_\Desktop\勉強用> cd C:\Users\miki_\Desktop\勉強用\git_challenge
PS C:\Users\miki_\Desktop\勉強用\git_challenge> git init
Initialized empty Git repository in C:/Users/miki_/Desktop/勉強用/git_challenge/.git/
PS C:\Users\miki_\Desktop\勉強用\git_challenge> git add hello_world.txt
PS C:\Users\miki_\Desktop\勉強用\git_challenge> git commit -m "hello_world.txtを追加"
[main (root-commit) 6618853] hello_world.txtを追加
 1 file changed, 0 insertions(+), 0 deletions(-)
 create mode 100644 hello_world.txt
PS C:\Users\miki_\Desktop\勉強用\git_challenge> git add hello_world.txt
PS C:\Users\miki_\Desktop\勉強用\git_challenge> git commit -m "日本語訳を追記"
[main 5d8042d] 日本語訳を追記
 1 file changed, 2 insertions(+)
PS C:\Users\miki_\Desktop\勉強用\git_challenge> git log --oneline
5d8042d (HEAD -> main) 日本語訳を追記
6618853 hello_world.txtを追加